#-----------------------------------------------------------
# Vivado v2022.2 (64-bit)
# SW Build 3671981 on Fri Oct 14 04:59:54 MDT 2022
# IP Build 3669848 on Fri Oct 14 08:30:02 MDT 2022
# Start of session at: Wed Apr 19 20:39:40 2023
# Process ID: 18211
# Current directory: /home/pablo1318/workspace/prueba2vectores_kernels/vivado_rtl_kernel/kvadd_ex
# Command line: vivado -source /tmp/vivado.3365121459067373937.tmp
# Log file: /home/pablo1318/workspace/prueba2vectores_kernels/vivado_rtl_kernel/kvadd_ex/vivado.log
# Journal file: /home/pablo1318/workspace/prueba2vectores_kernels/vivado_rtl_kernel/kvadd_ex/vivado.jou
# Running On: pop-os, OS: Linux, CPU Frequency: 4000.010 MHz, CPU Physical cores: 4, Host memory: 16701 MB
#-----------------------------------------------------------
start_gui
source /tmp/vivado.3365121459067373937.tmp
update_compile_order -fileset sources_1
launch_runs impl_1 -jobs 4
wait_on_run impl_1
export_ip_user_files -of_objects  [get_files /home/pablo1318/workspace/prueba2vectores_kernels/vivado_rtl_kernel/kvadd_ex/imports/kvadd_example.sv] -no_script -reset -force -quiet
remove_files  /home/pablo1318/workspace/prueba2vectores_kernels/vivado_rtl_kernel/kvadd_ex/imports/kvadd_example.sv
reset_run synth_1
launch_runs synth_1 -jobs 4
wait_on_run synth_1
