#-----------------------------------------------------------
# Vivado v2022.2 (64-bit)
# SW Build 3671981 on Fri Oct 14 04:59:54 MDT 2022
# IP Build 3669848 on Fri Oct 14 08:30:02 MDT 2022
# Start of session at: Mon Apr 17 18:35:35 2023
# Process ID: 7719
# Current directory: /home/pablo1318/workspace/prueba2vectores_kernels/vivado_rtl_kernel
# Command line: vivado -mode batch -source /tmp/vivado.10220541489025176656.tmp -notrace
# Log file: /home/pablo1318/workspace/prueba2vectores_kernels/vivado_rtl_kernel/vivado.log
# Journal file: /home/pablo1318/workspace/prueba2vectores_kernels/vivado_rtl_kernel/vivado.jou
# Running On: pop-os, OS: Linux, CPU Frequency: 4156.801 MHz, CPU Physical cores: 4, Host memory: 16701 MB
#-----------------------------------------------------------
source /tmp/vivado.10220541489025176656.tmp -notrace
generate_target {instantiation_template} [get_files /home/pablo1318/workspace/prueba2vectores_kernels/vivado_rtl_kernel/kvadd_ex/kvadd_ex.srcs/sources_1/ip/kvadd/kvadd.xci]
set_property generate_synth_checkpoint false [get_files /home/pablo1318/workspace/prueba2vectores_kernels/vivado_rtl_kernel/kvadd_ex/kvadd_ex.srcs/sources_1/ip/kvadd/kvadd.xci]
generate_target all [get_files /home/pablo1318/workspace/prueba2vectores_kernels/vivado_rtl_kernel/kvadd_ex/kvadd_ex.srcs/sources_1/ip/kvadd/kvadd.xci]
export_ip_user_files -of_objects [get_files /home/pablo1318/workspace/prueba2vectores_kernels/vivado_rtl_kernel/kvadd_ex/kvadd_ex.srcs/sources_1/ip/kvadd/kvadd.xci] -no_script -sync -force -quiet
start_gui
open_example_project -force -dir /home/pablo1318/workspace/prueba2vectores_kernels/vivado_rtl_kernel [get_ips kvadd]
